[cdn.jsdelivr.net/npm/swiper@11/swiper-bundle.min.css]
[dadan.pw/build/assets/app-BrVPeIpY.js]
[cdn.jsdelivr.net/npm/swiper@11/swiper-bundle.min.js]
[dadan.pw/build/assets/swiper-bundle.min-DTBvtxVg.js]
[backblue.gif]
[fade.gif]
[index.html]
[cdn.jsdelivr.net/npm/tailwindcss@2.2.19/dist/tailwind.min.css]
[dadan.pw/logo.png]
[cdnjs.cloudflare.com/ajax/libs/font-awesome/6.5.2/css/all.min.css]
[stmik-mi.ac.id/assets/img/slider/1.jpg]
[stmik-mi.ac.id/assets/img/footer/logo.png]
[dadan.pw/index.html]
[cdn.jsdelivr.net/npm/swiper@11/swiper-bundle.min.css]
[cdn.jsdelivr.net/npm/tailwindcss@2.2.19/dist/tailwind.min.css]
[dadan.pw/build/assets/app-BTvbINok.css]
[dadan.pw/build/assets/swiper-bundle-D_JgF5ni.css]
[cdnjs.cloudflare.com/ajax/libs/font-awesome/6.5.2/css/all.min.css]
[dadan.pw/riset/pengabdian-kepada-masyarakat.html]
[dadan.pw/profile/tentang-kami.html]
[dadan.pw/profile/struktur-organisasi.html]
[dadan.pw/profile/program-kerja.html]
[dadan.pw/profile/kontak.html]
[dadan.pw/berita/2024/18/test-detail-berita.html]
[dadan.pw/penelitian/detail/1224c.html]
[dadan.pw/riset/pengabdian-kepada-masyarakat/detail.html]
[dadan.pw/riset/pengabdian-kepada-masyarakat/index.html]
